Símbolo     Valor Decimal   Valor Hexadecimal
-------     -------------   -----------------
LACO                   12                   C
ATUALIZA               22                  16
VOLTA_ATUALIZA             36                  24
TERMINA                46                  2E
ATUALIZA2              47                  2F
SUBROTINA              59                  3B
RETORNO                59                  3B
SOMA_1                 72                  48
CONTINUA_1             74                  4A
SOMA_2                 84                  54
CONTINUA_2             86                  56
SOMA_3                 96                  60
CONTINUA_3             98                  62
SOMA_4                108                  6C
CONTINUA_4            110                  6E
SOMA_5                120                  78
CONTINUA_5            122                  7A
SOMA_6                132                  84
CONTINUA_6            134                  86
SOMA_7                144                  90
CONTINUA_7            146                  92
SOMA_8                156                  9C
END_ANALIS            180                  B4
TEMP_END              181                  B5
BOMBAS                182                  B6
CONT                  183                  B7
CONT_LINE             184                  B8
