Símbolo     Valor Decimal   Valor Hexadecimal
-------     -------------   -----------------
INI_PILHA               0                   0
MENU_INICIAL              4                   4
TESTE                  24                  18
COMPARA                34                  22
SUB_INSERE             72                  48
SUB_LISTA              80                  50
SUB_CONS               88                  58
FIM                    96                  60
INSERE                117                  75
MENU_INS              117                  75
MARCA_DEVOLV            121                  79
INICIAIS              139                  8B
INS_INI               157                  9D
NOME                  173                  AD
INS_NOME              191                  BF
ITEM                  207                  CF
INS_ITEM              225                  E1
FIM2                  249                  F9
INSERE_PALAV            250                  FA
APAGA_TESTE            256                 100
TESTE2                260                 104
ENTER_V               266                 10A
FIM3                  302                 12E
LISTA                 307                 133
COMPARA1              315                 13B
VE_EXC                337                 151
IMPRIME               363                 16B
IMPRIME_INI            371                 173
IMPRIME_NOME            385                 181
IMP                   401                 191
IMPRIME_ITEM            415                 19F
IMP2                  431                 1AF
FIM_MSG               453                 1C5
ESPERA_ENTER            482                 1E2
ESCREVE_VISOR            503                 1F7
__VOLTA_ESCR            503                 1F7
__SEGUNDO             526                 20E
__CONTINUA2            530                 212
__PROXIMO_LED            537                 219
__FIM_VISOR1            541                 21D
__FIM_VISOR2            547                 223
LIMPA_VISOR            553                 229
CONSULTA              698                 2BA
ESCREV_INICIAIS            698                 2BA
TESTE_ESCRITA            730                 2DA
TEST                  734                 2DE
COMPARA_STRING            772                 304
COMP1                 780                 30C
PULO1                 806                 326
VE_EXC2               810                 32A
PULAM                 824                 338
COMPARA5              836                 344
CONTINUA              846                 34E
PULAR5                864                 360
IMPRIME_NOME2            868                 364
IMP4                  880                 370
IMPRIME_ITEM2            894                 37E
IMP5                  910                 38E
EXCLUI                938                 3AA
TESTE_ESC             958                 3BE
OPTA                  968                 3C8
MARCA                 988                 3DC
SAI                   997                 3E5
NAO_ENCONTRADO            998                 3E6
ENTER                5106                13F2
INI_MEM              5108                13F4
FIM_MEM              5110                13F6
CONT                 5112                13F8
EXCLUIR              5114                13FA
INI_BUSCA            5116                13FC
FIM_BUSCA            5118                13FE
