Símbolo     Valor Decimal   Valor Hexadecimal
-------     -------------   -----------------
INICIO_PROGRAMA              0                   0
ATUALIZA_CAMPO             74                  4A
ATUALIZA_CAMPO_FIM             98                  62
PRINT_LINHA_LCD            115                  73
PRINT_LINHA_LCD_FIM            147                  93
PRINT_LINHA_LCD_MENOR_9            151                  97
PRINT_LINHA_LCD_CONTINUA            163                  A3
PRINT_LINHA_LCD_FIM2            233                  E9
MENSAGEM_FINAL            234                  EA
LIMPA_VISOR            264                 108
ESPERA_ENTER            409                 199
ESCREVE_VISOR            430                 1AE
__VOLTA_ESCR            430                 1AE
__SEGUNDO             453                 1C5
__CONTINUA2            457                 1C9
__PROXIMO_LED            464                 1D0
__FIM_VISOR1            468                 1D4
__FIM_VISOR2            474                 1DA
LIMPA_CAMPO            480                 1E0
LIMPA_CAMPO_CONTINUA            488                 1E8
LE_COORDENADA_LCD            497                 1F1
LE_COORDENADA_LCD_FIM            543                 21F
TESTA_BACKSPACE            544                 220
TESTA_BACKSPACE_PRIMEIRO_CHAR            566                 236
TESTA_ENTER            588                 24C
TESTA_ZERO            596                 254
GRAVA_VAL             608                 260
TESTA_SEGUNDO            622                 26E
EH_MENOR_OU_IGUAL            634                 27A
EH_VALIDO             646                 286
ATUALIZA_POSICOES            660                 294
CONTINUA_2            676                 2A4
CONTINUA_3            690                 2B2
CONTINUA_4            704                 2C0
CONTINUA_5            718                 2CE
CONTINUA_6            732                 2DC
CONTINUA_7            746                 2EA
CONTINUA_8            760                 2F8
ATUALIZA_POSICOES_FIM            774                 306
PEGA_LINHA            775                 307
TESTA_POSICAO            785                 311
ESCREVE_MINA            815                 32F
PEGA_LINHA_FIM            837                 345
TESTA_S               842                 34A
TESTA_BACKSPACE_S            880                 370
TESTA_ENTER_S            904                 388
TESTA_ENTRADA            916                 394
INSERE_VALOR            953                 3B9
TESTA_S_FIM            969                 3C9
LINHAS              11000                2AF8
COLUNA              11002                2AFA
QUANT_BOMBAS          11004                2AFC
TECLA_ENTER          11006                2AFE
TECLA_BACKSPACE          11008                2B00
NUM_CHAR            11010                2B02
ESCRITA_LCD1          11012                2B04
ESCRITA_LCD2          11014                2B06
GET_LINHA           11016                2B08
GET_COLUNA          11018                2B0A
POSICAO             11020                2B0C
POSICAO_LCD          11022                2B0E
