Símbolo     Valor Decimal   Valor Hexadecimal
-------     -------------   -----------------
INICIO_PROGRAMA              0                   0
CAPTURA_COORDENADAS            114                  72
CAPTURA_COORDENADAS_FIM            166                  A6
CAPTURA_COORDENADAS_MENOR_9            170                  AA
CAPTURA_COORDENADAS_MAIOR_9            200                  C8
CALCULA_POSICAO            350                 15E
ANALISA_POSICAO            368                 170
INSERE_MINA            426                 1AA
CAPTURA_COORDENADAS_FIM2            464                 1D0
ATUALIZA_CAMPO            489                 1E9
ATUALIZA_CAMPO_FIM            513                 201
PRINT_LINHA_LCD            530                 212
PRINT_LINHA_LCD_FIM            562                 232
PRINT_LINHA_LCD_MENOR_9            566                 236
PRINT_LINHA_LCD_CONTINUA            578                 242
PRINT_LINHA_LCD_FIM2            652                 28C
MENSAGEM_FINAL            653                 28D
LIMPA_VISOR            689                 2B1
ESPERA_ENTER            834                 342
ESPERA_ENTER_FIM            856                 358
ESCREVE_VISOR            857                 359
__VOLTA_ESCR            857                 359
__SEGUNDO             880                 370
__CONTINUA2            884                 374
__PROXIMO_LED            891                 37B
__FIM_VISOR1            895                 37F
__FIM_VISOR2            901                 385
LIMPA_CAMPO            907                 38B
LIMPA_CAMPO_CONTINUA            915                 393
LE_COORDENADA_LCD            926                 39E
LE_COORDENADA_LCD_FIM            972                 3CC
TESTA_BACKSPACE            973                 3CD
TESTA_BACKSPACE_PRIMEIRO_CHAR            999                 3E7
TESTA_ENTER           1027                 403
TESTA_ZERO           1035                 40B
GRAVA_VAL            1047                 417
TESTA_SEGUNDO           1067                 42B
EH_MENOR_OU_IGUAL           1079                 437
EH_VALIDO            1091                 443
ATUALIZA_POSICOES           1105                 451
CONTINUA_2           1121                 461
CONTINUA_3           1135                 46F
CONTINUA_4           1149                 47D
CONTINUA_5           1163                 48B
CONTINUA_6           1177                 499
CONTINUA_7           1191                 4A7
CONTINUA_8           1205                 4B5
ATUALIZA_POSICOES_FIM           1219                 4C3
PEGA_LINHA           1220                 4C4
TESTA_POSICAO           1230                 4CE
ESCREVE_MINA           1260                 4EC
PEGA_LINHA_FIM           1282                 502
TESTA_S              1287                 507
TESTA_BACKSPACE_S           1325                 52D
TESTA_ENTER_S           1347                 543
TESTA_ENTRADA           1359                 54F
INSERE_VALOR           1396                 574
TESTA_S_FIM           1412                 584
LINHAS              11000                2AF8
COLUNA              11002                2AFA
QUANT_BOMBAS          11004                2AFC
TECLA_ENTER          11006                2AFE
TECLA_BACKSPACE          11008                2B00
NUM_CHAR            11010                2B02
ESCRITA_LCD1          11012                2B04
ESCRITA_LCD2          11014                2B06
GET_LINHA           11016                2B08
GET_COLUNA          11018                2B0A
POSICAO             11020                2B0C
POSICAO_LCD          11022                2B0E
